// Vitest Snapshot v1, https://vitest.dev/guide/snapshot.html

exports[`Note > contentsWarningComment must be less than 256 chars 1`] = `[NoteContentLengthError: ContentsWarningComment too long]`;

exports[`Note > note content must be less than 3000 1`] = `[NoteContentLengthError: Content too long]`;

exports[`Note > should throw error when attachmentFileID length exceeds 16 1`] = `[NoteTooManyAttachmentsError: Too many attachments]`;

exports[`Note > should throw error when content, CW comment, and attachments are all empty 1`] = `[NoteContentLengthError: Note must have content]`;

exports[`Note > should throw error when normal note (non-renote) has no content, CW comment, and attachments 1`] = `[NoteContentLengthError: Note must have content]`;
