// Vitest Snapshot v1, https://vitest.dev/guide/snapshot.html

exports[`Notification > should create new instance 1`] = `
Notification {
  "activityID": null,
  "actorID": "20",
  "actorType": "account",
  "createdAt": 2023-09-10T00:00:00.000Z,
  "id": "1",
  "notificationType": "followed",
  "readAt": [
    Symbol(OptionNone),
  ],
  "recipientID": "10",
  "sourceID": null,
}
`;
